<html>
<body>
<pre>
<h1>µVision Build Log</h1>
<h2>Tool Versions:</h2>
IDE-Version: ¦ÌVision V5.35.0.0
Copyright (C) 2021 ARM Ltd and ARM Germany GmbH. All rights reserved.
License Information: 123 Yong, 123, LIC=NQQMA-1KVUT-BS5YX-HSEUH-M33TZ-IZMWH
 
Tool Versions:
Toolchain:       MDK-ARM Plus  Version: 5.35.0.2
Toolchain Path:  D:\Keil_v5\ARM\ARMCC\Bin
C Compiler:      Armcc.exe V5.06 update 7 (build 960)
Assembler:       Armasm.exe V5.06 update 7 (build 960)
Linker/Locator:  ArmLink.exe V5.06 update 7 (build 960)
Library Manager: ArmAr.exe V5.06 update 7 (build 960)
Hex Converter:   FromElf.exe V5.06 update 7 (build 960)
CPU DLL:         SARMCM3.DLL V5.35.0.2
Dialog DLL:      DCM.DLL V1.17.3.0
Target DLL:      Segger\JL2CM3.dll V2.99.40.0
Dialog DLL:      TCM.DLL V1.53.0.0
 
<h2>Project:</h2>
C:\Users\Yong\Desktop\github\APM32_FLASH_BM\APM32_FLASH_BM\MDK-ARM\APM32_FLASH_BM.uvprojx
Project File Date:  08/11/2021

<h2>Output:</h2>
*** Using Compiler 'V5.06 update 7 (build 960)', folder: 'D:\Keil_v5\ARM\ARMCC\Bin'
Build target 'APM32_FLASH_BM'
compiling main.c...
../Core/Src/main.c(39): warning:  #47-D: incompatible redefinition of macro "FLASH_PAGE_SIZE"  (declared at line 248 of "../Drivers/STM32F1xx_HAL_Driver/Inc/stm32f1xx_hal_flash_ex.h")
  #define FLASH_PAGE_SIZE 2048
../Core/Src/main.c(81): warning:  #177-D: variable "erase_adder"  was declared but never referenced
  	uint32_t erase_adder = 0; 
../Core/Src/main.c(83): warning:  #177-D: variable "erase_page"  was declared but never referenced
  	uint32_t erase_page = 0 ;
../Core/Src/main.c: 3 warnings, 0 errors
linking...
Program Size: Code=7184 RO-data=396 RW-data=16 ZI-data=2944  
FromELF: creating hex file...
"APM32_FLASH_BM\APM32_FLASH_BM.axf" - 0 Error(s), 3 Warning(s).

<h2>Software Packages used:</h2>

Package Vendor: ARM
                http://www.keil.com/pack/ARM.CMSIS.5.8.0.pack
                ARM.CMSIS.5.8.0
                CMSIS (Common Microcontroller Software Interface Standard)
   * Component: CORE Version: 5.5.0

Package Vendor: Keil
                http://www.keil.com/pack/Keil.STM32F1xx_DFP.2.3.0.pack
                Keil.STM32F1xx_DFP.2.3.0
                STMicroelectronics STM32F1 Series Device Support, Drivers and Examples

<h2>Collection of Component include folders:</h2>
  .\RTE\_APM32_FLASH_BM
  D:\MDK\Packs\ARM\CMSIS\5.8.0\CMSIS\Core\Include
  D:\MDK\Packs\Keil\STM32F1xx_DFP\2.3.0\Device\Include

<h2>Collection of Component Files used:</h2>

   * Component: ARM::CMSIS:CORE:5.5.0
      Include file:  CMSIS\Core\Include\tz_context.h
Build Time Elapsed:  00:00:03
</pre>
</body>
</html>
